#
# There is insufficient memory for the Java Runtime Environment to continue.
# Native memory allocation (mmap) failed to map 266338304 bytes for G1 virtual space
# Possible reasons:
#   The system is out of physical RAM or swap space
#   The process is running with CompressedOops enabled, and the Java Heap may be blocking the growth of the native heap
# Possible solutions:
#   Reduce memory load on the system
#   Increase physical memory or swap space
#   Check if swap backing store is full
#   Decrease Java heap size (-Xmx/-Xms)
#   Decrease number of Java threads
#   Decrease Java thread stack sizes (-Xss)
#   Set larger code cache with -XX:ReservedCodeCacheSize=
#   JVM is running with Zero Based Compressed Oops mode in which the Java heap is
#     placed in the first 32GB address space. The Java Heap base address is the
#     maximum limit for the native heap growth. Please use -XX:HeapBaseMinAddress
#     to set the Java Heap base and to place the Java Heap above 32GB virtual address.
# This output file may be truncated or incomplete.
#
#  Out of Memory Error (os_windows.cpp:3550), pid=2820, tid=19208
#
# JRE version:  (17.0.8+9) (build )
# Java VM: Java HotSpot(TM) 64-Bit Server VM (17.0.8+9-LTS-211, mixed mode, emulated-client, sharing, tiered, compressed oops, compressed class ptrs, g1 gc, windows-amd64)
# No core dump will be written. Minidumps are not enabled by default on client versions of Windows
#

---------------  S U M M A R Y ------------

Command Line: -XX:TieredStopAtLevel=1 -Dspring.output.ansi.enabled=always -javaagent:C:\Program Files\JetBrains\IntelliJ IDEA 2025.3.1.1\lib\idea_rt.jar=11932 -Dfile.encoding=UTF-8 com.study.store.Application

Host: Intel(R) Core(TM) i7-10700 CPU @ 2.90GHz, 16 cores, 15G,  Windows 10 , 64 bit Build 19041 (10.0.19041.5915)
Time: Mon Mar 16 17:52:24 2026 Hora estándar oeste, Sudamérica elapsed time: 0.007538 seconds (0d 0h 0m 0s)

---------------  T H R E A D  ---------------

Current thread (0x000001c5fb5d39a0):  JavaThread "Unknown thread" [_thread_in_vm, id=19208, stack(0x000000b24fc00000,0x000000b24fd00000)]

Stack: [0x000000b24fc00000,0x000000b24fd00000]
Native frames: (J=compiled Java code, j=interpreted, Vv=VM code, C=native code)
V  [jvm.dll+0x677d0a]
V  [jvm.dll+0x7d8c54]
V  [jvm.dll+0x7da3fe]
V  [jvm.dll+0x7daa63]
V  [jvm.dll+0x245c5f]
V  [jvm.dll+0x674bb9]
V  [jvm.dll+0x6694f2]
V  [jvm.dll+0x3031d6]
V  [jvm.dll+0x30a756]
V  [jvm.dll+0x359f9e]
V  [jvm.dll+0x35a1cf]
V  [jvm.dll+0x2da3e8]
V  [jvm.dll+0x2db354]
V  [jvm.dll+0x7aa711]
V  [jvm.dll+0x367b51]
V  [jvm.dll+0x789979]
V  [jvm.dll+0x3eb05f]
V  [jvm.dll+0x3ecae1]
C  [jli.dll+0x5297]
C  [ucrtbase.dll+0x21bb2]
C  [KERNEL32.DLL+0x17374]
C  [ntdll.dll+0x4cc91]


---------------  P R O C E S S  ---------------

Threads class SMR info:
_java_thread_list=0x00007ff87db559d8, length=0, elements={
}

Java Threads: ( => current thread )

Other Threads:
  0x000001c5fb6401a0 GCTaskThread "GC Thread#0" [stack: 0x000000b24fd00000,0x000000b24fe00000] [id=20128]
  0x000001c5fb652da0 ConcurrentGCThread "G1 Main Marker" [stack: 0x000000b24fe00000,0x000000b24ff00000] [id=14828]
  0x000001c5fb6546d0 ConcurrentGCThread "G1 Conc#0" [stack: 0x000000b24ff00000,0x000000b250000000] [id=12112]

[error occurred during error reporting (printing all threads), id 0xc0000005, EXCEPTION_ACCESS_VIOLATION (0xc0000005) at pc=0x00007ff87d38b047]

VM state: not at safepoint (not fully initialized)

VM Mutex/Monitor currently owned by a thread:  ([mutex/lock_event])
[0x000001c5fb5cf4b0] Heap_lock - owner thread: 0x000001c5fb5d39a0

Heap address: 0x0000000702600000, size: 4058 MB, Compressed Oops mode: Zero based, Oop shift amount: 3

CDS archive(s) mapped at: [0x0000000000000000-0x0000000000000000-0x0000000000000000), size 0, SharedBaseAddress: 0x0000000800000000, ArchiveRelocationMode: 1.
Narrow klass base: 0x0000000000000000, Narrow klass shift: 0, Narrow klass range: 0x0

GC Precious Log:
<Empty>

Heap:
 garbage-first heap   total 0K, used 0K [0x0000000702600000, 0x0000000800000000)
  region size 2048K, 0 young (0K), 0 survivors (0K)

[error occurred during error reporting (printing heap information), id 0xc0000005, EXCEPTION_ACCESS_VIOLATION (0xc0000005) at pc=0x00007ff87d771499]

GC Heap History (0 events):
No events

Deoptimization events (0 events):
No events

Classes unloaded (0 events):
No events

Classes redefined (0 events):
No events

Internal exceptions (0 events):
No events

VM Operations (0 events):
No events

Events (1 events):
Event: 0.005 Loaded shared library C:\Program Files\Java\jdk-17\bin\java.dll


Dynamic libraries:
0x00007ff60dbd0000 - 0x00007ff60dbe0000 	C:\Program Files\Java\jdk-17\bin\java.exe
0x00007ff8f8bf0000 - 0x00007ff8f8de8000 	C:\Windows\SYSTEM32\ntdll.dll
0x00007ff8f8920000 - 0x00007ff8f89e2000 	C:\Windows\System32\KERNEL32.DLL
0x00007ff8f6860000 - 0x00007ff8f6b56000 	C:\Windows\System32\KERNELBASE.dll
0x00007ff8f6570000 - 0x00007ff8f6670000 	C:\Windows\System32\ucrtbase.dll
0x00007ff8c27b0000 - 0x00007ff8c27cb000 	C:\Program Files\Java\jdk-17\bin\VCRUNTIME140.dll
0x00007ff8c4bd0000 - 0x00007ff8c4be9000 	C:\Program Files\Java\jdk-17\bin\jli.dll
0x00007ff8f8310000 - 0x00007ff8f83c1000 	C:\Windows\System32\ADVAPI32.dll
0x00007ff8f7d50000 - 0x00007ff8f7dee000 	C:\Windows\System32\msvcrt.dll
0x00007ff8f8670000 - 0x00007ff8f870f000 	C:\Windows\System32\sechost.dll
0x00007ff8f77b0000 - 0x00007ff8f78d0000 	C:\Windows\System32\RPCRT4.dll
0x00007ff8f64a0000 - 0x00007ff8f64c7000 	C:\Windows\System32\bcrypt.dll
0x00007ff8f7ad0000 - 0x00007ff8f7c71000 	C:\Windows\System32\USER32.dll
0x00007ff8f6280000 - 0x00007ff8f62a2000 	C:\Windows\System32\win32u.dll
0x00007ff8f7a70000 - 0x00007ff8f7a9b000 	C:\Windows\System32\GDI32.dll
0x00007ff8f6330000 - 0x00007ff8f6449000 	C:\Windows\System32\gdi32full.dll
0x00007ff8e2960000 - 0x00007ff8e2bfb000 	C:\Windows\WinSxS\amd64_microsoft.windows.common-controls_6595b64144ccf1df_6.0.19041.6456_none_60b8a6cb71f64256\COMCTL32.dll
0x00007ff8f64d0000 - 0x00007ff8f656d000 	C:\Windows\System32\msvcp_win.dll
0x00007ff8eee10000 - 0x00007ff8eee1a000 	C:\Windows\SYSTEM32\VERSION.dll
0x00007ff8f7aa0000 - 0x00007ff8f7acf000 	C:\Windows\System32\IMM32.DLL
0x00007ff8c66f0000 - 0x00007ff8c66fc000 	C:\Program Files\Java\jdk-17\bin\vcruntime140_1.dll
0x00007ff8a4a20000 - 0x00007ff8a4aae000 	C:\Program Files\Java\jdk-17\bin\msvcp140.dll
0x00007ff87d0a0000 - 0x00007ff87dc7e000 	C:\Program Files\Java\jdk-17\bin\server\jvm.dll
0x00007ff8f8790000 - 0x00007ff8f8798000 	C:\Windows\System32\PSAPI.DLL
0x00007ff8e2110000 - 0x00007ff8e2119000 	C:\Windows\SYSTEM32\WSOCK32.dll
0x00007ff8e32a0000 - 0x00007ff8e32c7000 	C:\Windows\SYSTEM32\WINMM.dll
0x00007ff8f7c80000 - 0x00007ff8f7ceb000 	C:\Windows\System32\WS2_32.dll
0x00007ff8f4ab0000 - 0x00007ff8f4ac2000 	C:\Windows\SYSTEM32\kernel.appcore.dll
0x00007ff8c1550000 - 0x00007ff8c155a000 	C:\Program Files\Java\jdk-17\bin\jimage.dll
0x00007ff8f3e40000 - 0x00007ff8f4041000 	C:\Windows\SYSTEM32\DBGHELP.DLL
0x00007ff8e1570000 - 0x00007ff8e15a4000 	C:\Windows\SYSTEM32\dbgcore.DLL
0x00007ff8f6670000 - 0x00007ff8f66f2000 	C:\Windows\System32\bcryptPrimitives.dll
0x00007ff8bf740000 - 0x00007ff8bf74e000 	C:\Program Files\Java\jdk-17\bin\instrument.dll
0x00007ff8c07a0000 - 0x00007ff8c07c5000 	C:\Program Files\Java\jdk-17\bin\java.dll

dbghelp: loaded successfully - version: 4.0.5 - missing functions: none
symbol engine: initialized successfully - sym options: 0x614 - pdb path: .;C:\Program Files\Java\jdk-17\bin;C:\Windows\SYSTEM32;C:\Windows\WinSxS\amd64_microsoft.windows.common-controls_6595b64144ccf1df_6.0.19041.6456_none_60b8a6cb71f64256;C:\Program Files\Java\jdk-17\bin\server

VM Arguments:
jvm_args: -XX:TieredStopAtLevel=1 -Dspring.output.ansi.enabled=always -javaagent:C:\Program Files\JetBrains\IntelliJ IDEA 2025.3.1.1\lib\idea_rt.jar=11932 -Dfile.encoding=UTF-8 
java_command: com.study.store.Application
java_class_path (initial): E:\FullStack2026\Backend\spring-cloud\store\build\classes\java\main;E:\FullStack2026\Backend\spring-cloud\store\build\resources\main;C:\Users\costa\.gradle\caches\modules-2\files-2.1\org.projectlombok\lombok\1.18.44\503fd0b002dbb237fa4656cf4b8021666a8aebac\lombok-1.18.44.jar;C:\Users\costa\.gradle\caches\modules-2\files-2.1\org.springframework.boot\spring-boot-starter-data-jpa\3.5.12-SNAPSHOT\791dab263e20cac599df24da529f7d353053e1bf\spring-boot-starter-data-jpa-3.5.12-SNAPSHOT.jar;C:\Users\costa\.gradle\caches\modules-2\files-2.1\org.springframework.cloud\spring-cloud-starter-netflix-eureka-client\4.3.1\6c888d53a39f1ba53fe8e2b01fb56bc3c1f07bef\spring-cloud-starter-netflix-eureka-client-4.3.1.jar;C:\Users\costa\.gradle\caches\modules-2\files-2.1\org.springframework.cloud\spring-cloud-starter-bootstrap\4.3.1\9ec06dca7ba9cc6afb26f000a9e055793acfbf4a\spring-cloud-starter-bootstrap-4.3.1.jar;C:\Users\costa\.gradle\caches\modules-2\files-2.1\org.springframework.cloud\spring-cloud-starter\4.3.1\c2fb76f7326c26ce221c91f3911e8b438691af9d\spring-cloud-starter-4.3.1.jar;C:\Users\costa\.gradle\caches\modules-2\files-2.1\org.springframework.boot\spring-boot-starter-jdbc\3.5.12-SNAPSHOT\7473507aa631bef677c5fa970e73a11c27e49bf2\spring-boot-starter-jdbc-3.5.12-SNAPSHOT.jar;C:\Users\costa\.gradle\caches\modules-2\files-2.1\org.springframework.boot\spring-boot-starter\3.5.12-SNAPSHOT\8c58b63700b9071f85495d3e9140cc424327bb87\spring-boot-starter-3.5.12-SNAPSHOT.jar;C:\Users\costa\.gradle\caches\modules-2\files-2.1\org.hibernate.orm\hibernate-core\6.6.44.Final\ee7b1495e4939dea693523ac59717aa32d499dd4\hibernate-core-6.6.44.Final.jar;C:\Users\costa\.gradle\caches\modules-2\files-2.1\org.springframework.data\spring-data-jpa\3.5.10\3928b2845717a9fc82d414e1266630f3c3b1a0a2\spring-data-jpa-3.5.10.jar;C:\Users\costa\.gradle\caches\modules-2\files-2.1\org.springframework\spring-aspects\6.2.17\3caa0d24814461a6612c0f179bc8cc520546218c\spring-aspects-6.2.17.jar;C:\Users
Launcher Type: SUN_STANDARD

[Global flags]
     intx CICompilerCount                          = 12                                        {product} {ergonomic}
     uint ConcGCThreads                            = 3                                         {product} {ergonomic}
     uint G1ConcRefinementThreads                  = 13                                        {product} {ergonomic}
   size_t G1HeapRegionSize                         = 2097152                                   {product} {ergonomic}
    uintx GCDrainStackTargetSize                   = 64                                        {product} {ergonomic}
   size_t InitialHeapSize                          = 266338304                                 {product} {ergonomic}
   size_t MarkStackSize                            = 4194304                                   {product} {ergonomic}
   size_t MaxHeapSize                              = 4255121408                                {product} {ergonomic}
   size_t MinHeapDeltaBytes                        = 2097152                                   {product} {ergonomic}
   size_t MinHeapSize                              = 8388608                                   {product} {ergonomic}
    uintx NonProfiledCodeHeapSize                  = 0                                      {pd product} {ergonomic}
     bool ProfileInterpreter                       = false                                  {pd product} {command line}
    uintx ProfiledCodeHeapSize                     = 0                                      {pd product} {ergonomic}
   size_t SoftMaxHeapSize                          = 4255121408                             {manageable} {ergonomic}
     intx TieredStopAtLevel                        = 1                                         {product} {command line}
     bool UseCompressedClassPointers               = true                           {product lp64_product} {ergonomic}
     bool UseCompressedOops                        = true                           {product lp64_product} {ergonomic}
     bool UseG1GC                                  = true                                      {product} {ergonomic}
     bool UseLargePagesIndividualAllocation        = false                                  {pd product} {ergonomic}

Logging:
Log output configuration:
 #0: stdout all=warning uptime,level,tags
 #1: stderr all=off uptime,level,tags

Environment Variables:
JAVA_HOME=C:\Program Files\Java\jdk-17
PATH=C:\Program Files\Common Files\Oracle\Java\javapath;C:\Program Files\apache-maven-3.8.6\bin;C:\Program Files\Java\jdk-17\bin;C:\Program Files (x86)\VMware\VMware Workstation\bin\;node_modules\npm\bin;C:\Windows\system32;C:\Windows;C:\Windows\System32\Wbem;C:\Windows\System32\WindowsPowerShell\v1.0\;C:\Windows\System32\OpenSSH\;C:\Program Files\Git\cmd;C:\Program Files\Microsoft SQL Server\130\Tools\Binn\;C:\Program Files\PostgreSQL\14\bin;C:\Program Files\gradle-7.1.1\bin;C:\Users\costa\AppData\Local\Android\Sdk\platform-tools;C:\Users\costa\AppData\Local\Android\Sdk\tools;C:\Program Files\PuTTY\;C:\Program Files\php-7.4.28-nts-Win32-vc15-x64;C:\composer;C:\xampp\php;C:\Users\fernando\AppData\Local\nvm;C:\nvm4w\nodejs;C:\Program Files\Microsoft SQL Server\Client SDK\ODBC\170\Tools\Binn\;C:\Program Files (x86)\Microsoft SQL Server\150\Tools\Binn\;C:\Program Files\Microsoft SQL Server\150\Tools\Binn\;C:\Program Files\Microsoft SQL Server\150\DTS\Binn\;C:\Program Files (x86)\Microsoft SQL Server\150\DTS\Binn\;C:\Program Files\Azure Data Studio\bin;C:\Program Files\dotnet\;C:\Program Files\Docker\Docker\resources\bin;C:\ProgramData\DockerDesktop\version-bin;E:\ENDETEC\Pagos;C:\Program Files\PostgreSQL\17\bin;C:\Program Files\nodejs\;C:\Users\costa\AppData\Local\Programs\Python\Python313\Scripts\;C:\Users\costa\AppData\Local\Programs\Python\Python313\;C:\Python310\Scripts\;C:\Python310\;C:\Users\costa\AppData\Roaming\Composer\vendor\bin;C:\Users\costa\AppData\Roaming\nvm;C:\Program Files\nodejs;C:\Program Files\Azure Data Studio\bin;C:\Users\costa\.dotnet\tools;C:\Users\costa\AppData\Local\Programs\Microsoft VS Code\bin;C:\Program Files\JetBrains\PyCharm Community Edition 2022.3\bin;;C:\Users\costa\AppData\Roaming\npm
USERNAME=costa
OS=Windows_NT
PROCESSOR_IDENTIFIER=Intel64 Family 6 Model 165 Stepping 5, GenuineIntel



---------------  S Y S T E M  ---------------

OS:
 Windows 10 , 64 bit Build 19041 (10.0.19041.5915)
OS uptime: 5 days 10:10 hours

CPU: total 16 (initial active 16) (8 cores per cpu, 2 threads per core) family 6 model 165 stepping 5 microcode 0xc8, cx8, cmov, fxsr, ht, mmx, 3dnowpref, sse, sse2, sse3, ssse3, sse4.1, sse4.2, popcnt, lzcnt, tsc, tscinvbit, avx, avx2, aes, erms, clmul, bmi1, bmi2, adx, fma, vzeroupper, clflush, clflushopt

Memory: 4k page, system-wide physical 16225M (1747M free)
TotalPageFile size 18273M (AvailPageFile size 126M)
current process WorkingSet (physical memory assigned to process): 10M, peak: 10M
current process commit charge ("private bytes"): 65M, peak: 319M

vm_info: Java HotSpot(TM) 64-Bit Server VM (17.0.8+9-LTS-211) for windows-amd64 JRE (17.0.8+9-LTS-211), built on Jun 14 2023 10:34:31 by "mach5one" with MS VC++ 17.1 (VS2022)

END.
