2026-03-16T17:54:38.532-04:00  INFO 19448 --- [store-service] [restartedMain] com.study.store.Application              : No active profile set, falling back to 1 default profile: "default"
2026-03-16T17:54:38.780-04:00  INFO 19448 --- [store-service] [restartedMain] .s.d.r.c.RepositoryConfigurationDelegate : Bootstrapping Spring Data JPA repositories in DEFAULT mode.
2026-03-16T17:54:38.790-04:00  INFO 19448 --- [store-service] [restartedMain] .s.d.r.c.RepositoryConfigurationDelegate : Finished Spring Data repository scanning in 3 ms. Found 0 JPA repository interfaces.
2026-03-16T17:54:38.894-04:00  INFO 19448 --- [store-service] [restartedMain] o.s.cloud.context.scope.GenericScope     : BeanFactory id=b91db061-4c06-3827-8537-c789ef6c4c6b
2026-03-16T17:54:39.069-04:00  INFO 19448 --- [store-service] [restartedMain] o.hibernate.jpa.internal.util.LogHelper  : HHH000204: Processing PersistenceUnitInfo [name: default]
2026-03-16T17:54:39.106-04:00  INFO 19448 --- [store-service] [restartedMain] org.hibernate.Version                    : HHH000412: Hibernate ORM core version 6.6.44.Final
2026-03-16T17:54:39.128-04:00  INFO 19448 --- [store-service] [restartedMain] o.h.c.internal.RegionFactoryInitiator    : HHH000026: Second-level cache disabled
2026-03-16T17:54:39.339-04:00  INFO 19448 --- [store-service] [restartedMain] o.s.o.j.p.SpringPersistenceUnitInfo      : No LoadTimeWeaver setup: ignoring JPA class transformer
2026-03-16T17:54:39.360-04:00  INFO 19448 --- [store-service] [restartedMain] com.zaxxer.hikari.HikariDataSource       : HikariPool-1 - Starting...
2026-03-16T17:54:39.502-04:00  INFO 19448 --- [store-service] [restartedMain] com.zaxxer.hikari.pool.HikariPool        : HikariPool-1 - Added connection org.postgresql.jdbc.PgConnection@6385064c
2026-03-16T17:54:39.503-04:00  INFO 19448 --- [store-service] [restartedMain] com.zaxxer.hikari.HikariDataSource       : HikariPool-1 - Start completed.
2026-03-16T17:54:39.563-04:00  WARN 19448 --- [store-service] [restartedMain] org.hibernate.orm.deprecation            : HHH90000025: PostgreSQLDialect does not need to be specified explicitly using 'hibernate.dialect' (remove the property setting and it will be selected by default)
2026-03-16T17:54:39.579-04:00  INFO 19448 --- [store-service] [restartedMain] org.hibernate.orm.connections.pooling    : HHH10001005: Database info:
	Database JDBC URL [Connecting through datasource 'HikariDataSource (HikariPool-1)']
	Database driver: undefined/unknown
	Database version: 17.5
	Autocommit mode: undefined/unknown
	Isolation level: undefined/unknown
	Minimum pool size: undefined/unknown
	Maximum pool size: undefined/unknown
2026-03-16T17:54:39.787-04:00  INFO 19448 --- [store-service] [restartedMain] o.h.e.t.j.p.i.JtaPlatformInitiator       : HHH000489: No JTA platform available (set 'hibernate.transaction.jta.platform' to enable JTA platform integration)
2026-03-16T17:54:39.791-04:00  INFO 19448 --- [store-service] [restartedMain] j.LocalContainerEntityManagerFactoryBean : Initialized JPA EntityManagerFactory for persistence unit 'default'
2026-03-16T17:54:40.004-04:00  INFO 19448 --- [store-service] [restartedMain] o.s.b.d.a.OptionalLiveReloadServer       : LiveReload server is running on port 35729
2026-03-16T17:54:40.378-04:00  INFO 19448 --- [store-service] [restartedMain] DiscoveryClientOptionalArgsConfiguration : Eureka HTTP Client uses RestTemplate.
2026-03-16T17:54:40.399-04:00  WARN 19448 --- [store-service] [restartedMain] iguration$LoadBalancerCaffeineWarnLogger : Spring Cloud LoadBalancer is currently working with the default cache. While this cache implementation is useful for development and tests, it's recommended to use Caffeine cache in production.You can switch to using Caffeine cache, by adding it and org.springframework.cache.caffeine.CaffeineCacheManager to the classpath.
2026-03-16T17:54:40.411-04:00  INFO 19448 --- [store-service] [restartedMain] o.s.c.n.eureka.InstanceInfoFactory       : Setting initial instance status as: STARTING
2026-03-16T17:54:40.426-04:00  INFO 19448 --- [store-service] [restartedMain] com.netflix.discovery.DiscoveryClient    : Initializing Eureka in region us-east-1
2026-03-16T17:54:40.428-04:00  INFO 19448 --- [store-service] [restartedMain] c.n.d.s.r.aws.ConfigClusterResolver      : Resolving eureka endpoints via configuration
2026-03-16T17:54:40.433-04:00  INFO 19448 --- [store-service] [restartedMain] com.netflix.discovery.DiscoveryClient    : Disable delta property : false
2026-03-16T17:54:40.433-04:00  INFO 19448 --- [store-service] [restartedMain] com.netflix.discovery.DiscoveryClient    : Single vip registry refresh property : null
2026-03-16T17:54:40.433-04:00  INFO 19448 --- [store-service] [restartedMain] com.netflix.discovery.DiscoveryClient    : Force full registry fetch : false
2026-03-16T17:54:40.434-04:00  INFO 19448 --- [store-service] [restartedMain] com.netflix.discovery.DiscoveryClient    : Application is null : false
2026-03-16T17:54:40.434-04:00  INFO 19448 --- [store-service] [restartedMain] com.netflix.discovery.DiscoveryClient    : Registered Applications size is zero : true
2026-03-16T17:54:40.434-04:00  INFO 19448 --- [store-service] [restartedMain] com.netflix.discovery.DiscoveryClient    : Application version is -1: true
2026-03-16T17:54:40.434-04:00  INFO 19448 --- [store-service] [restartedMain] com.netflix.discovery.DiscoveryClient    : Getting all instance registry info from the eureka server
2026-03-16T17:54:40.594-04:00  INFO 19448 --- [store-service] [restartedMain] com.netflix.discovery.DiscoveryClient    : The response status is 200
2026-03-16T17:54:40.595-04:00  INFO 19448 --- [store-service] [restartedMain] com.netflix.discovery.DiscoveryClient    : Starting heartbeat executor: renew interval is: 30
2026-03-16T17:54:40.596-04:00  INFO 19448 --- [store-service] [restartedMain] c.n.discovery.InstanceInfoReplicator     : InstanceInfoReplicator onDemand update allowed rate per min is 4
2026-03-16T17:54:40.597-04:00  INFO 19448 --- [store-service] [restartedMain] com.netflix.discovery.DiscoveryClient    : Discovery Client initialized at timestamp 1773698080597 with initial instances count: 1
2026-03-16T17:54:40.600-04:00  INFO 19448 --- [store-service] [restartedMain] o.s.c.n.e.s.EurekaServiceRegistry        : Registering application STORE-SERVICE with eureka with status UP
2026-03-16T17:54:40.600-04:00  INFO 19448 --- [store-service] [restartedMain] com.netflix.discovery.DiscoveryClient    : Saw local status change event StatusChangeEvent [timestamp=1773698080600, current=UP, previous=STARTING]
2026-03-16T17:54:40.601-04:00  INFO 19448 --- [store-service] [DiscoveryClient-InstanceInfoReplicator-%d] com.netflix.discovery.DiscoveryClient    : DiscoveryClient_STORE-SERVICE/host.docker.internal:store-service:8082: registering service...
2026-03-16T17:54:40.607-04:00  INFO 19448 --- [store-service] [restartedMain] com.study.store.Application              : Started Application in 4.127 seconds (process running for 4.575)
2026-03-16T17:54:40.609-04:00  INFO 19448 --- [store-service] [SpringApplicationShutdownHook] o.s.c.n.e.s.EurekaServiceRegistry        : Unregistering application STORE-SERVICE with eureka with status DOWN
2026-03-16T17:54:40.609-04:00  INFO 19448 --- [store-service] [SpringApplicationShutdownHook] com.netflix.discovery.DiscoveryClient    : Saw local status change event StatusChangeEvent [timestamp=1773698080609, current=DOWN, previous=UP]
2026-03-16T17:54:40.612-04:00  INFO 19448 --- [store-service] [SpringApplicationShutdownHook] j.LocalContainerEntityManagerFactoryBean : Closing JPA EntityManagerFactory for persistence unit 'default'
2026-03-16T17:54:40.614-04:00  INFO 19448 --- [store-service] [SpringApplicationShutdownHook] com.zaxxer.hikari.HikariDataSource       : HikariPool-1 - Shutdown initiated...
2026-03-16T17:54:40.616-04:00  INFO 19448 --- [store-service] [SpringApplicationShutdownHook] com.zaxxer.hikari.HikariDataSource       : HikariPool-1 - Shutdown completed.
2026-03-16T17:54:40.617-04:00  INFO 19448 --- [store-service] [SpringApplicationShutdownHook] com.netflix.discovery.DiscoveryClient    : Shutting down DiscoveryClient ...
2026-03-16T17:54:40.628-04:00  INFO 19448 --- [store-service] [DiscoveryClient-InstanceInfoReplicator-%d] com.netflix.discovery.DiscoveryClient    : DiscoveryClient_STORE-SERVICE/host.docker.internal:store-service:8082 - registration status: 204
2026-03-16T17:54:40.628-04:00  INFO 19448 --- [store-service] [DiscoveryClient-InstanceInfoReplicator-%d] com.netflix.discovery.DiscoveryClient    : DiscoveryClient_STORE-SERVICE/host.docker.internal:store-service:8082: registering service...
2026-03-16T17:54:40.632-04:00  INFO 19448 --- [store-service] [DiscoveryClient-InstanceInfoReplicator-%d] com.netflix.discovery.DiscoveryClient    : DiscoveryClient_STORE-SERVICE/host.docker.internal:store-service:8082 - registration status: 204
2026-03-16T17:54:40.632-04:00  INFO 19448 --- [store-service] [SpringApplicationShutdownHook] com.netflix.discovery.DiscoveryClient    : Unregistering ...
2026-03-16T17:54:40.636-04:00  INFO 19448 --- [store-service] [SpringApplicationShutdownHook] com.netflix.discovery.DiscoveryClient    : DiscoveryClient_STORE-SERVICE/host.docker.internal:store-service:8082 - deregister  status: 200
2026-03-16T17:54:40.636-04:00  INFO 19448 --- [store-service] [SpringApplicationShutdownHook] com.netflix.discovery.DiscoveryClient    : Completed shut down of DiscoveryClient
2026-03-16T17:55:07.033-04:00  INFO 20440 --- [store-service] [restartedMain] com.study.store.Application              : No active profile set, falling back to 1 default profile: "default"
2026-03-16T17:55:07.279-04:00  INFO 20440 --- [store-service] [restartedMain] .s.d.r.c.RepositoryConfigurationDelegate : Bootstrapping Spring Data JPA repositories in DEFAULT mode.
2026-03-16T17:55:07.288-04:00  INFO 20440 --- [store-service] [restartedMain] .s.d.r.c.RepositoryConfigurationDelegate : Finished Spring Data repository scanning in 3 ms. Found 0 JPA repository interfaces.
2026-03-16T17:55:07.391-04:00  INFO 20440 --- [store-service] [restartedMain] o.s.cloud.context.scope.GenericScope     : BeanFactory id=b91db061-4c06-3827-8537-c789ef6c4c6b
2026-03-16T17:55:07.563-04:00  INFO 20440 --- [store-service] [restartedMain] o.hibernate.jpa.internal.util.LogHelper  : HHH000204: Processing PersistenceUnitInfo [name: default]
2026-03-16T17:55:07.600-04:00  INFO 20440 --- [store-service] [restartedMain] org.hibernate.Version                    : HHH000412: Hibernate ORM core version 6.6.44.Final
2026-03-16T17:55:07.622-04:00  INFO 20440 --- [store-service] [restartedMain] o.h.c.internal.RegionFactoryInitiator    : HHH000026: Second-level cache disabled
2026-03-16T17:55:07.832-04:00  INFO 20440 --- [store-service] [restartedMain] o.s.o.j.p.SpringPersistenceUnitInfo      : No LoadTimeWeaver setup: ignoring JPA class transformer
2026-03-16T17:55:07.852-04:00  INFO 20440 --- [store-service] [restartedMain] com.zaxxer.hikari.HikariDataSource       : HikariPool-1 - Starting...
2026-03-16T17:55:07.958-04:00  INFO 20440 --- [store-service] [restartedMain] com.zaxxer.hikari.pool.HikariPool        : HikariPool-1 - Added connection org.postgresql.jdbc.PgConnection@5e0d007
2026-03-16T17:55:07.959-04:00  INFO 20440 --- [store-service] [restartedMain] com.zaxxer.hikari.HikariDataSource       : HikariPool-1 - Start completed.
2026-03-16T17:55:07.982-04:00  WARN 20440 --- [store-service] [restartedMain] org.hibernate.orm.deprecation            : HHH90000025: PostgreSQLDialect does not need to be specified explicitly using 'hibernate.dialect' (remove the property setting and it will be selected by default)
2026-03-16T17:55:07.995-04:00  INFO 20440 --- [store-service] [restartedMain] org.hibernate.orm.connections.pooling    : HHH10001005: Database info:
	Database JDBC URL [Connecting through datasource 'HikariDataSource (HikariPool-1)']
	Database driver: undefined/unknown
	Database version: 17.5
	Autocommit mode: undefined/unknown
	Isolation level: undefined/unknown
	Minimum pool size: undefined/unknown
	Maximum pool size: undefined/unknown
2026-03-16T17:55:08.199-04:00  INFO 20440 --- [store-service] [restartedMain] o.h.e.t.j.p.i.JtaPlatformInitiator       : HHH000489: No JTA platform available (set 'hibernate.transaction.jta.platform' to enable JTA platform integration)
2026-03-16T17:55:08.204-04:00  INFO 20440 --- [store-service] [restartedMain] j.LocalContainerEntityManagerFactoryBean : Initialized JPA EntityManagerFactory for persistence unit 'default'
2026-03-16T17:55:08.412-04:00  INFO 20440 --- [store-service] [restartedMain] o.s.b.d.a.OptionalLiveReloadServer       : LiveReload server is running on port 35729
2026-03-16T17:55:08.785-04:00  INFO 20440 --- [store-service] [restartedMain] DiscoveryClientOptionalArgsConfiguration : Eureka HTTP Client uses RestTemplate.
2026-03-16T17:55:08.808-04:00  WARN 20440 --- [store-service] [restartedMain] iguration$LoadBalancerCaffeineWarnLogger : Spring Cloud LoadBalancer is currently working with the default cache. While this cache implementation is useful for development and tests, it's recommended to use Caffeine cache in production.You can switch to using Caffeine cache, by adding it and org.springframework.cache.caffeine.CaffeineCacheManager to the classpath.
2026-03-16T17:55:08.821-04:00  INFO 20440 --- [store-service] [restartedMain] o.s.c.n.eureka.InstanceInfoFactory       : Setting initial instance status as: STARTING
2026-03-16T17:55:08.835-04:00  INFO 20440 --- [store-service] [restartedMain] com.netflix.discovery.DiscoveryClient    : Initializing Eureka in region us-east-1
2026-03-16T17:55:08.837-04:00  INFO 20440 --- [store-service] [restartedMain] c.n.d.s.r.aws.ConfigClusterResolver      : Resolving eureka endpoints via configuration
2026-03-16T17:55:08.843-04:00  INFO 20440 --- [store-service] [restartedMain] com.netflix.discovery.DiscoveryClient    : Disable delta property : false
2026-03-16T17:55:08.843-04:00  INFO 20440 --- [store-service] [restartedMain] com.netflix.discovery.DiscoveryClient    : Single vip registry refresh property : null
2026-03-16T17:55:08.843-04:00  INFO 20440 --- [store-service] [restartedMain] com.netflix.discovery.DiscoveryClient    : Force full registry fetch : false
2026-03-16T17:55:08.843-04:00  INFO 20440 --- [store-service] [restartedMain] com.netflix.discovery.DiscoveryClient    : Application is null : false
2026-03-16T17:55:08.843-04:00  INFO 20440 --- [store-service] [restartedMain] com.netflix.discovery.DiscoveryClient    : Registered Applications size is zero : true
2026-03-16T17:55:08.843-04:00  INFO 20440 --- [store-service] [restartedMain] com.netflix.discovery.DiscoveryClient    : Application version is -1: true
2026-03-16T17:55:08.843-04:00  INFO 20440 --- [store-service] [restartedMain] com.netflix.discovery.DiscoveryClient    : Getting all instance registry info from the eureka server
2026-03-16T17:55:09.003-04:00  INFO 20440 --- [store-service] [restartedMain] com.netflix.discovery.DiscoveryClient    : The response status is 200
2026-03-16T17:55:09.004-04:00  INFO 20440 --- [store-service] [restartedMain] com.netflix.discovery.DiscoveryClient    : Starting heartbeat executor: renew interval is: 30
2026-03-16T17:55:09.005-04:00  INFO 20440 --- [store-service] [restartedMain] c.n.discovery.InstanceInfoReplicator     : InstanceInfoReplicator onDemand update allowed rate per min is 4
2026-03-16T17:55:09.007-04:00  INFO 20440 --- [store-service] [restartedMain] com.netflix.discovery.DiscoveryClient    : Discovery Client initialized at timestamp 1773698109007 with initial instances count: 1
2026-03-16T17:55:09.009-04:00  INFO 20440 --- [store-service] [restartedMain] o.s.c.n.e.s.EurekaServiceRegistry        : Registering application STORE-SERVICE with eureka with status UP
2026-03-16T17:55:09.010-04:00  INFO 20440 --- [store-service] [restartedMain] com.netflix.discovery.DiscoveryClient    : Saw local status change event StatusChangeEvent [timestamp=1773698109010, current=UP, previous=STARTING]
2026-03-16T17:55:09.011-04:00  INFO 20440 --- [store-service] [DiscoveryClient-InstanceInfoReplicator-%d] com.netflix.discovery.DiscoveryClient    : DiscoveryClient_STORE-SERVICE/host.docker.internal:store-service:8082: registering service...
2026-03-16T17:55:09.017-04:00  INFO 20440 --- [store-service] [restartedMain] com.study.store.Application              : Started Application in 3.852 seconds (process running for 4.286)
2026-03-16T17:55:09.021-04:00  INFO 20440 --- [store-service] [SpringApplicationShutdownHook] o.s.c.n.e.s.EurekaServiceRegistry        : Unregistering application STORE-SERVICE with eureka with status DOWN
2026-03-16T17:55:09.021-04:00  INFO 20440 --- [store-service] [SpringApplicationShutdownHook] com.netflix.discovery.DiscoveryClient    : Saw local status change event StatusChangeEvent [timestamp=1773698109021, current=DOWN, previous=UP]
2026-03-16T17:55:09.024-04:00  INFO 20440 --- [store-service] [SpringApplicationShutdownHook] j.LocalContainerEntityManagerFactoryBean : Closing JPA EntityManagerFactory for persistence unit 'default'
2026-03-16T17:55:09.026-04:00  INFO 20440 --- [store-service] [SpringApplicationShutdownHook] com.zaxxer.hikari.HikariDataSource       : HikariPool-1 - Shutdown initiated...
2026-03-16T17:55:09.028-04:00  INFO 20440 --- [store-service] [SpringApplicationShutdownHook] com.zaxxer.hikari.HikariDataSource       : HikariPool-1 - Shutdown completed.
2026-03-16T17:55:09.029-04:00  INFO 20440 --- [store-service] [SpringApplicationShutdownHook] com.netflix.discovery.DiscoveryClient    : Shutting down DiscoveryClient ...
2026-03-16T17:55:09.039-04:00  INFO 20440 --- [store-service] [DiscoveryClient-InstanceInfoReplicator-%d] com.netflix.discovery.DiscoveryClient    : DiscoveryClient_STORE-SERVICE/host.docker.internal:store-service:8082 - registration status: 204
2026-03-16T17:55:09.040-04:00  INFO 20440 --- [store-service] [DiscoveryClient-InstanceInfoReplicator-%d] com.netflix.discovery.DiscoveryClient    : DiscoveryClient_STORE-SERVICE/host.docker.internal:store-service:8082: registering service...
2026-03-16T17:55:09.043-04:00  INFO 20440 --- [store-service] [DiscoveryClient-InstanceInfoReplicator-%d] com.netflix.discovery.DiscoveryClient    : DiscoveryClient_STORE-SERVICE/host.docker.internal:store-service:8082 - registration status: 204
2026-03-16T17:55:09.043-04:00  INFO 20440 --- [store-service] [SpringApplicationShutdownHook] com.netflix.discovery.DiscoveryClient    : Unregistering ...
2026-03-16T17:55:09.046-04:00  INFO 20440 --- [store-service] [SpringApplicationShutdownHook] com.netflix.discovery.DiscoveryClient    : DiscoveryClient_STORE-SERVICE/host.docker.internal:store-service:8082 - deregister  status: 200
2026-03-16T17:55:09.046-04:00  INFO 20440 --- [store-service] [SpringApplicationShutdownHook] com.netflix.discovery.DiscoveryClient    : Completed shut down of DiscoveryClient
2026-03-16T18:01:18.301-04:00  INFO 336 --- [store-service] [restartedMain] com.study.store.Application              : No active profile set, falling back to 1 default profile: "default"
2026-03-16T18:01:18.550-04:00  INFO 336 --- [store-service] [restartedMain] .s.d.r.c.RepositoryConfigurationDelegate : Bootstrapping Spring Data JPA repositories in DEFAULT mode.
2026-03-16T18:01:18.559-04:00  INFO 336 --- [store-service] [restartedMain] .s.d.r.c.RepositoryConfigurationDelegate : Finished Spring Data repository scanning in 3 ms. Found 0 JPA repository interfaces.
2026-03-16T18:01:18.667-04:00  INFO 336 --- [store-service] [restartedMain] o.s.cloud.context.scope.GenericScope     : BeanFactory id=b91db061-4c06-3827-8537-c789ef6c4c6b
2026-03-16T18:01:18.844-04:00  INFO 336 --- [store-service] [restartedMain] o.hibernate.jpa.internal.util.LogHelper  : HHH000204: Processing PersistenceUnitInfo [name: default]
2026-03-16T18:01:18.876-04:00  INFO 336 --- [store-service] [restartedMain] org.hibernate.Version                    : HHH000412: Hibernate ORM core version 6.6.44.Final
2026-03-16T18:01:18.897-04:00  INFO 336 --- [store-service] [restartedMain] o.h.c.internal.RegionFactoryInitiator    : HHH000026: Second-level cache disabled
2026-03-16T18:01:19.102-04:00  INFO 336 --- [store-service] [restartedMain] o.s.o.j.p.SpringPersistenceUnitInfo      : No LoadTimeWeaver setup: ignoring JPA class transformer
2026-03-16T18:01:19.121-04:00  INFO 336 --- [store-service] [restartedMain] com.zaxxer.hikari.HikariDataSource       : HikariPool-1 - Starting...
2026-03-16T18:01:19.226-04:00  INFO 336 --- [store-service] [restartedMain] com.zaxxer.hikari.pool.HikariPool        : HikariPool-1 - Added connection org.postgresql.jdbc.PgConnection@680d9fe7
2026-03-16T18:01:19.227-04:00  INFO 336 --- [store-service] [restartedMain] com.zaxxer.hikari.HikariDataSource       : HikariPool-1 - Start completed.
2026-03-16T18:01:19.251-04:00  WARN 336 --- [store-service] [restartedMain] org.hibernate.orm.deprecation            : HHH90000025: PostgreSQLDialect does not need to be specified explicitly using 'hibernate.dialect' (remove the property setting and it will be selected by default)
2026-03-16T18:01:19.264-04:00  INFO 336 --- [store-service] [restartedMain] org.hibernate.orm.connections.pooling    : HHH10001005: Database info:
	Database JDBC URL [Connecting through datasource 'HikariDataSource (HikariPool-1)']
	Database driver: undefined/unknown
	Database version: 17.5
	Autocommit mode: undefined/unknown
	Isolation level: undefined/unknown
	Minimum pool size: undefined/unknown
	Maximum pool size: undefined/unknown
2026-03-16T18:01:19.469-04:00  INFO 336 --- [store-service] [restartedMain] o.h.e.t.j.p.i.JtaPlatformInitiator       : HHH000489: No JTA platform available (set 'hibernate.transaction.jta.platform' to enable JTA platform integration)
2026-03-16T18:01:19.472-04:00  INFO 336 --- [store-service] [restartedMain] j.LocalContainerEntityManagerFactoryBean : Initialized JPA EntityManagerFactory for persistence unit 'default'
2026-03-16T18:01:19.681-04:00  INFO 336 --- [store-service] [restartedMain] o.s.b.d.a.OptionalLiveReloadServer       : LiveReload server is running on port 35729
2026-03-16T18:01:20.050-04:00  INFO 336 --- [store-service] [restartedMain] DiscoveryClientOptionalArgsConfiguration : Eureka HTTP Client uses RestTemplate.
2026-03-16T18:01:20.073-04:00  WARN 336 --- [store-service] [restartedMain] iguration$LoadBalancerCaffeineWarnLogger : Spring Cloud LoadBalancer is currently working with the default cache. While this cache implementation is useful for development and tests, it's recommended to use Caffeine cache in production.You can switch to using Caffeine cache, by adding it and org.springframework.cache.caffeine.CaffeineCacheManager to the classpath.
2026-03-16T18:01:20.088-04:00  INFO 336 --- [store-service] [restartedMain] o.s.c.n.eureka.InstanceInfoFactory       : Setting initial instance status as: STARTING
2026-03-16T18:01:20.102-04:00  INFO 336 --- [store-service] [restartedMain] com.netflix.discovery.DiscoveryClient    : Initializing Eureka in region us-east-1
2026-03-16T18:01:20.105-04:00  INFO 336 --- [store-service] [restartedMain] c.n.d.s.r.aws.ConfigClusterResolver      : Resolving eureka endpoints via configuration
2026-03-16T18:01:20.110-04:00  INFO 336 --- [store-service] [restartedMain] com.netflix.discovery.DiscoveryClient    : Disable delta property : false
2026-03-16T18:01:20.110-04:00  INFO 336 --- [store-service] [restartedMain] com.netflix.discovery.DiscoveryClient    : Single vip registry refresh property : null
2026-03-16T18:01:20.111-04:00  INFO 336 --- [store-service] [restartedMain] com.netflix.discovery.DiscoveryClient    : Force full registry fetch : false
2026-03-16T18:01:20.111-04:00  INFO 336 --- [store-service] [restartedMain] com.netflix.discovery.DiscoveryClient    : Application is null : false
2026-03-16T18:01:20.111-04:00  INFO 336 --- [store-service] [restartedMain] com.netflix.discovery.DiscoveryClient    : Registered Applications size is zero : true
2026-03-16T18:01:20.111-04:00  INFO 336 --- [store-service] [restartedMain] com.netflix.discovery.DiscoveryClient    : Application version is -1: true
2026-03-16T18:01:20.111-04:00  INFO 336 --- [store-service] [restartedMain] com.netflix.discovery.DiscoveryClient    : Getting all instance registry info from the eureka server
2026-03-16T18:01:20.275-04:00  INFO 336 --- [store-service] [restartedMain] com.netflix.discovery.DiscoveryClient    : The response status is 200
2026-03-16T18:01:20.276-04:00  INFO 336 --- [store-service] [restartedMain] com.netflix.discovery.DiscoveryClient    : Starting heartbeat executor: renew interval is: 30
2026-03-16T18:01:20.277-04:00  INFO 336 --- [store-service] [restartedMain] c.n.discovery.InstanceInfoReplicator     : InstanceInfoReplicator onDemand update allowed rate per min is 4
2026-03-16T18:01:20.278-04:00  INFO 336 --- [store-service] [restartedMain] com.netflix.discovery.DiscoveryClient    : Discovery Client initialized at timestamp 1773698480278 with initial instances count: 1
2026-03-16T18:01:20.280-04:00  INFO 336 --- [store-service] [restartedMain] o.s.c.n.e.s.EurekaServiceRegistry        : Registering application STORE-SERVICE with eureka with status UP
2026-03-16T18:01:20.281-04:00  INFO 336 --- [store-service] [restartedMain] com.netflix.discovery.DiscoveryClient    : Saw local status change event StatusChangeEvent [timestamp=1773698480281, current=UP, previous=STARTING]
2026-03-16T18:01:20.282-04:00  INFO 336 --- [store-service] [DiscoveryClient-InstanceInfoReplicator-%d] com.netflix.discovery.DiscoveryClient    : DiscoveryClient_STORE-SERVICE/host.docker.internal:store-service:8082: registering service...
2026-03-16T18:01:20.291-04:00  INFO 336 --- [store-service] [restartedMain] com.study.store.Application              : Started Application in 5.764 seconds (process running for 6.167)
2026-03-16T18:01:20.294-04:00  INFO 336 --- [store-service] [SpringApplicationShutdownHook] o.s.c.n.e.s.EurekaServiceRegistry        : Unregistering application STORE-SERVICE with eureka with status DOWN
2026-03-16T18:01:20.294-04:00  INFO 336 --- [store-service] [SpringApplicationShutdownHook] com.netflix.discovery.DiscoveryClient    : Saw local status change event StatusChangeEvent [timestamp=1773698480294, current=DOWN, previous=UP]
2026-03-16T18:01:20.296-04:00  INFO 336 --- [store-service] [SpringApplicationShutdownHook] j.LocalContainerEntityManagerFactoryBean : Closing JPA EntityManagerFactory for persistence unit 'default'
2026-03-16T18:01:20.299-04:00  INFO 336 --- [store-service] [SpringApplicationShutdownHook] com.zaxxer.hikari.HikariDataSource       : HikariPool-1 - Shutdown initiated...
2026-03-16T18:01:20.301-04:00  INFO 336 --- [store-service] [SpringApplicationShutdownHook] com.zaxxer.hikari.HikariDataSource       : HikariPool-1 - Shutdown completed.
2026-03-16T18:01:20.301-04:00  INFO 336 --- [store-service] [SpringApplicationShutdownHook] com.netflix.discovery.DiscoveryClient    : Shutting down DiscoveryClient ...
2026-03-16T18:01:20.313-04:00  INFO 336 --- [store-service] [DiscoveryClient-InstanceInfoReplicator-%d] com.netflix.discovery.DiscoveryClient    : DiscoveryClient_STORE-SERVICE/host.docker.internal:store-service:8082 - registration status: 204
2026-03-16T18:01:20.313-04:00  INFO 336 --- [store-service] [DiscoveryClient-InstanceInfoReplicator-%d] com.netflix.discovery.DiscoveryClient    : DiscoveryClient_STORE-SERVICE/host.docker.internal:store-service:8082: registering service...
2026-03-16T18:01:20.317-04:00  INFO 336 --- [store-service] [DiscoveryClient-InstanceInfoReplicator-%d] com.netflix.discovery.DiscoveryClient    : DiscoveryClient_STORE-SERVICE/host.docker.internal:store-service:8082 - registration status: 204
2026-03-16T18:01:20.317-04:00  INFO 336 --- [store-service] [SpringApplicationShutdownHook] com.netflix.discovery.DiscoveryClient    : Unregistering ...
2026-03-16T18:01:20.321-04:00  INFO 336 --- [store-service] [SpringApplicationShutdownHook] com.netflix.discovery.DiscoveryClient    : DiscoveryClient_STORE-SERVICE/host.docker.internal:store-service:8082 - deregister  status: 200
2026-03-16T18:01:20.321-04:00  INFO 336 --- [store-service] [SpringApplicationShutdownHook] com.netflix.discovery.DiscoveryClient    : Completed shut down of DiscoveryClient
2026-03-16T18:04:56.071-04:00  INFO 16828 --- [store-service] [restartedMain] com.study.store.Application              : No active profile set, falling back to 1 default profile: "default"
2026-03-16T18:04:56.324-04:00  INFO 16828 --- [store-service] [restartedMain] .s.d.r.c.RepositoryConfigurationDelegate : Bootstrapping Spring Data JPA repositories in DEFAULT mode.
2026-03-16T18:04:56.333-04:00  INFO 16828 --- [store-service] [restartedMain] .s.d.r.c.RepositoryConfigurationDelegate : Finished Spring Data repository scanning in 3 ms. Found 0 JPA repository interfaces.
2026-03-16T18:04:56.444-04:00  INFO 16828 --- [store-service] [restartedMain] o.s.cloud.context.scope.GenericScope     : BeanFactory id=b91db061-4c06-3827-8537-c789ef6c4c6b
2026-03-16T18:04:56.650-04:00  INFO 16828 --- [store-service] [restartedMain] o.hibernate.jpa.internal.util.LogHelper  : HHH000204: Processing PersistenceUnitInfo [name: default]
2026-03-16T18:04:56.685-04:00  INFO 16828 --- [store-service] [restartedMain] org.hibernate.Version                    : HHH000412: Hibernate ORM core version 6.6.44.Final
2026-03-16T18:04:56.709-04:00  INFO 16828 --- [store-service] [restartedMain] o.h.c.internal.RegionFactoryInitiator    : HHH000026: Second-level cache disabled
2026-03-16T18:04:56.953-04:00  INFO 16828 --- [store-service] [restartedMain] o.s.o.j.p.SpringPersistenceUnitInfo      : No LoadTimeWeaver setup: ignoring JPA class transformer
2026-03-16T18:04:56.975-04:00  INFO 16828 --- [store-service] [restartedMain] com.zaxxer.hikari.HikariDataSource       : HikariPool-1 - Starting...
2026-03-16T18:04:57.091-04:00  INFO 16828 --- [store-service] [restartedMain] com.zaxxer.hikari.pool.HikariPool        : HikariPool-1 - Added connection org.postgresql.jdbc.PgConnection@537bb152
2026-03-16T18:04:57.092-04:00  INFO 16828 --- [store-service] [restartedMain] com.zaxxer.hikari.HikariDataSource       : HikariPool-1 - Start completed.
2026-03-16T18:04:57.118-04:00  WARN 16828 --- [store-service] [restartedMain] org.hibernate.orm.deprecation            : HHH90000025: PostgreSQLDialect does not need to be specified explicitly using 'hibernate.dialect' (remove the property setting and it will be selected by default)
2026-03-16T18:04:57.132-04:00  INFO 16828 --- [store-service] [restartedMain] org.hibernate.orm.connections.pooling    : HHH10001005: Database info:
	Database JDBC URL [Connecting through datasource 'HikariDataSource (HikariPool-1)']
	Database driver: undefined/unknown
	Database version: 17.5
	Autocommit mode: undefined/unknown
	Isolation level: undefined/unknown
	Minimum pool size: undefined/unknown
	Maximum pool size: undefined/unknown
2026-03-16T18:04:57.354-04:00  INFO 16828 --- [store-service] [restartedMain] o.h.e.t.j.p.i.JtaPlatformInitiator       : HHH000489: No JTA platform available (set 'hibernate.transaction.jta.platform' to enable JTA platform integration)
2026-03-16T18:04:57.358-04:00  INFO 16828 --- [store-service] [restartedMain] j.LocalContainerEntityManagerFactoryBean : Initialized JPA EntityManagerFactory for persistence unit 'default'
2026-03-16T18:04:57.581-04:00  INFO 16828 --- [store-service] [restartedMain] o.s.b.d.a.OptionalLiveReloadServer       : LiveReload server is running on port 35729
2026-03-16T18:04:57.958-04:00  INFO 16828 --- [store-service] [restartedMain] DiscoveryClientOptionalArgsConfiguration : Eureka HTTP Client uses RestTemplate.
2026-03-16T18:04:57.981-04:00  WARN 16828 --- [store-service] [restartedMain] iguration$LoadBalancerCaffeineWarnLogger : Spring Cloud LoadBalancer is currently working with the default cache. While this cache implementation is useful for development and tests, it's recommended to use Caffeine cache in production.You can switch to using Caffeine cache, by adding it and org.springframework.cache.caffeine.CaffeineCacheManager to the classpath.
2026-03-16T18:04:57.994-04:00  INFO 16828 --- [store-service] [restartedMain] o.s.c.n.eureka.InstanceInfoFactory       : Setting initial instance status as: STARTING
2026-03-16T18:04:58.013-04:00  INFO 16828 --- [store-service] [restartedMain] com.netflix.discovery.DiscoveryClient    : Initializing Eureka in region us-east-1
2026-03-16T18:04:58.015-04:00  INFO 16828 --- [store-service] [restartedMain] c.n.d.s.r.aws.ConfigClusterResolver      : Resolving eureka endpoints via configuration
2026-03-16T18:04:58.022-04:00  INFO 16828 --- [store-service] [restartedMain] com.netflix.discovery.DiscoveryClient    : Disable delta property : false
2026-03-16T18:04:58.022-04:00  INFO 16828 --- [store-service] [restartedMain] com.netflix.discovery.DiscoveryClient    : Single vip registry refresh property : null
2026-03-16T18:04:58.022-04:00  INFO 16828 --- [store-service] [restartedMain] com.netflix.discovery.DiscoveryClient    : Force full registry fetch : false
2026-03-16T18:04:58.022-04:00  INFO 16828 --- [store-service] [restartedMain] com.netflix.discovery.DiscoveryClient    : Application is null : false
2026-03-16T18:04:58.022-04:00  INFO 16828 --- [store-service] [restartedMain] com.netflix.discovery.DiscoveryClient    : Registered Applications size is zero : true
2026-03-16T18:04:58.022-04:00  INFO 16828 --- [store-service] [restartedMain] com.netflix.discovery.DiscoveryClient    : Application version is -1: true
2026-03-16T18:04:58.022-04:00  INFO 16828 --- [store-service] [restartedMain] com.netflix.discovery.DiscoveryClient    : Getting all instance registry info from the eureka server
2026-03-16T18:04:58.204-04:00  INFO 16828 --- [store-service] [restartedMain] com.netflix.discovery.DiscoveryClient    : The response status is 200
2026-03-16T18:04:58.205-04:00  INFO 16828 --- [store-service] [restartedMain] com.netflix.discovery.DiscoveryClient    : Starting heartbeat executor: renew interval is: 30
2026-03-16T18:04:58.207-04:00  INFO 16828 --- [store-service] [restartedMain] c.n.discovery.InstanceInfoReplicator     : InstanceInfoReplicator onDemand update allowed rate per min is 4
2026-03-16T18:04:58.208-04:00  INFO 16828 --- [store-service] [restartedMain] com.netflix.discovery.DiscoveryClient    : Discovery Client initialized at timestamp 1773698698207 with initial instances count: 1
2026-03-16T18:04:58.210-04:00  INFO 16828 --- [store-service] [restartedMain] o.s.c.n.e.s.EurekaServiceRegistry        : Registering application STORE-SERVICE with eureka with status UP
2026-03-16T18:04:58.211-04:00  INFO 16828 --- [store-service] [restartedMain] com.netflix.discovery.DiscoveryClient    : Saw local status change event StatusChangeEvent [timestamp=1773698698211, current=UP, previous=STARTING]
2026-03-16T18:04:58.212-04:00  INFO 16828 --- [store-service] [DiscoveryClient-InstanceInfoReplicator-%d] com.netflix.discovery.DiscoveryClient    : DiscoveryClient_STORE-SERVICE/host.docker.internal:store-service:8082: registering service...
2026-03-16T18:04:58.219-04:00  INFO 16828 --- [store-service] [restartedMain] com.study.store.Application              : Started Application in 4.194 seconds (process running for 4.666)
2026-03-16T18:04:58.223-04:00  INFO 16828 --- [store-service] [SpringApplicationShutdownHook] o.s.c.n.e.s.EurekaServiceRegistry        : Unregistering application STORE-SERVICE with eureka with status DOWN
2026-03-16T18:04:58.225-04:00  INFO 16828 --- [store-service] [SpringApplicationShutdownHook] com.netflix.discovery.DiscoveryClient    : Saw local status change event StatusChangeEvent [timestamp=1773698698225, current=DOWN, previous=UP]
2026-03-16T18:04:58.226-04:00  INFO 16828 --- [store-service] [SpringApplicationShutdownHook] j.LocalContainerEntityManagerFactoryBean : Closing JPA EntityManagerFactory for persistence unit 'default'
2026-03-16T18:04:58.230-04:00  INFO 16828 --- [store-service] [SpringApplicationShutdownHook] com.zaxxer.hikari.HikariDataSource       : HikariPool-1 - Shutdown initiated...
2026-03-16T18:04:58.247-04:00  INFO 16828 --- [store-service] [DiscoveryClient-InstanceInfoReplicator-%d] com.netflix.discovery.DiscoveryClient    : DiscoveryClient_STORE-SERVICE/host.docker.internal:store-service:8082 - registration status: 204
2026-03-16T18:04:58.248-04:00  INFO 16828 --- [store-service] [DiscoveryClient-InstanceInfoReplicator-%d] com.netflix.discovery.DiscoveryClient    : DiscoveryClient_STORE-SERVICE/host.docker.internal:store-service:8082: registering service...
2026-03-16T18:04:58.254-04:00  INFO 16828 --- [store-service] [DiscoveryClient-InstanceInfoReplicator-%d] com.netflix.discovery.DiscoveryClient    : DiscoveryClient_STORE-SERVICE/host.docker.internal:store-service:8082 - registration status: 204
2026-03-16T18:04:58.292-04:00  INFO 16828 --- [store-service] [SpringApplicationShutdownHook] com.zaxxer.hikari.HikariDataSource       : HikariPool-1 - Shutdown completed.
2026-03-16T18:04:58.293-04:00  INFO 16828 --- [store-service] [SpringApplicationShutdownHook] com.netflix.discovery.DiscoveryClient    : Shutting down DiscoveryClient ...
2026-03-16T18:05:01.305-04:00  INFO 16828 --- [store-service] [SpringApplicationShutdownHook] com.netflix.discovery.DiscoveryClient    : Unregistering ...
2026-03-16T18:05:01.311-04:00  INFO 16828 --- [store-service] [SpringApplicationShutdownHook] com.netflix.discovery.DiscoveryClient    : DiscoveryClient_STORE-SERVICE/host.docker.internal:store-service:8082 - deregister  status: 200
2026-03-16T18:05:01.312-04:00  INFO 16828 --- [store-service] [SpringApplicationShutdownHook] com.netflix.discovery.DiscoveryClient    : Completed shut down of DiscoveryClient
2026-03-16T18:10:09.604-04:00  INFO 10396 --- [store-service] [restartedMain] com.study.store.Application              : No active profile set, falling back to 1 default profile: "default"
2026-03-16T18:10:09.937-04:00  INFO 10396 --- [store-service] [restartedMain] .s.d.r.c.RepositoryConfigurationDelegate : Bootstrapping Spring Data JPA repositories in DEFAULT mode.
2026-03-16T18:10:09.946-04:00  INFO 10396 --- [store-service] [restartedMain] .s.d.r.c.RepositoryConfigurationDelegate : Finished Spring Data repository scanning in 3 ms. Found 0 JPA repository interfaces.
2026-03-16T18:10:10.051-04:00  INFO 10396 --- [store-service] [restartedMain] o.s.cloud.context.scope.GenericScope     : BeanFactory id=e7fbf409-dcd7-30b3-99a8-f7f43c9e5d0b
2026-03-16T18:10:10.411-04:00  INFO 10396 --- [store-service] [restartedMain] o.s.b.w.embedded.tomcat.TomcatWebServer  : Tomcat initialized with port 8082 (http)
2026-03-16T18:10:10.421-04:00  INFO 10396 --- [store-service] [restartedMain] o.apache.catalina.core.StandardService   : Starting service [Tomcat]
2026-03-16T18:10:10.421-04:00  INFO 10396 --- [store-service] [restartedMain] o.apache.catalina.core.StandardEngine    : Starting Servlet engine: [Apache Tomcat/10.1.52]
2026-03-16T18:10:10.461-04:00  INFO 10396 --- [store-service] [restartedMain] o.a.c.c.C.[.[localhost].[/store/v1]      : Initializing Spring embedded WebApplicationContext
2026-03-16T18:10:10.461-04:00  INFO 10396 --- [store-service] [restartedMain] w.s.c.ServletWebServerApplicationContext : Root WebApplicationContext: initialization completed in 849 ms
2026-03-16T18:10:10.558-04:00  INFO 10396 --- [store-service] [restartedMain] o.hibernate.jpa.internal.util.LogHelper  : HHH000204: Processing PersistenceUnitInfo [name: default]
2026-03-16T18:10:10.589-04:00  INFO 10396 --- [store-service] [restartedMain] org.hibernate.Version                    : HHH000412: Hibernate ORM core version 6.6.44.Final
2026-03-16T18:10:10.609-04:00  INFO 10396 --- [store-service] [restartedMain] o.h.c.internal.RegionFactoryInitiator    : HHH000026: Second-level cache disabled
2026-03-16T18:10:10.797-04:00  INFO 10396 --- [store-service] [restartedMain] o.s.o.j.p.SpringPersistenceUnitInfo      : No LoadTimeWeaver setup: ignoring JPA class transformer
2026-03-16T18:10:10.816-04:00  INFO 10396 --- [store-service] [restartedMain] com.zaxxer.hikari.HikariDataSource       : HikariPool-1 - Starting...
2026-03-16T18:10:10.914-04:00  INFO 10396 --- [store-service] [restartedMain] com.zaxxer.hikari.pool.HikariPool        : HikariPool-1 - Added connection org.postgresql.jdbc.PgConnection@52961742
2026-03-16T18:10:10.915-04:00  INFO 10396 --- [store-service] [restartedMain] com.zaxxer.hikari.HikariDataSource       : HikariPool-1 - Start completed.
2026-03-16T18:10:10.938-04:00  WARN 10396 --- [store-service] [restartedMain] org.hibernate.orm.deprecation            : HHH90000025: PostgreSQLDialect does not need to be specified explicitly using 'hibernate.dialect' (remove the property setting and it will be selected by default)
2026-03-16T18:10:10.951-04:00  INFO 10396 --- [store-service] [restartedMain] org.hibernate.orm.connections.pooling    : HHH10001005: Database info:
	Database JDBC URL [Connecting through datasource 'HikariDataSource (HikariPool-1)']
	Database driver: undefined/unknown
	Database version: 17.5
	Autocommit mode: undefined/unknown
	Isolation level: undefined/unknown
	Minimum pool size: undefined/unknown
	Maximum pool size: undefined/unknown
2026-03-16T18:10:11.172-04:00  INFO 10396 --- [store-service] [restartedMain] o.h.e.t.j.p.i.JtaPlatformInitiator       : HHH000489: No JTA platform available (set 'hibernate.transaction.jta.platform' to enable JTA platform integration)
2026-03-16T18:10:11.175-04:00  INFO 10396 --- [store-service] [restartedMain] j.LocalContainerEntityManagerFactoryBean : Initialized JPA EntityManagerFactory for persistence unit 'default'
2026-03-16T18:10:11.200-04:00  WARN 10396 --- [store-service] [restartedMain] JpaBaseConfiguration$JpaWebConfiguration : spring.jpa.open-in-view is enabled by default. Therefore, database queries may be performed during view rendering. Explicitly configure spring.jpa.open-in-view to disable this warning
2026-03-16T18:10:11.503-04:00  INFO 10396 --- [store-service] [restartedMain] o.s.b.d.a.OptionalLiveReloadServer       : LiveReload server is running on port 35729
2026-03-16T18:10:11.870-04:00  INFO 10396 --- [store-service] [restartedMain] DiscoveryClientOptionalArgsConfiguration : Eureka HTTP Client uses RestTemplate.
2026-03-16T18:10:11.889-04:00  WARN 10396 --- [store-service] [restartedMain] iguration$LoadBalancerCaffeineWarnLogger : Spring Cloud LoadBalancer is currently working with the default cache. While this cache implementation is useful for development and tests, it's recommended to use Caffeine cache in production.You can switch to using Caffeine cache, by adding it and org.springframework.cache.caffeine.CaffeineCacheManager to the classpath.
2026-03-16T18:10:11.901-04:00  INFO 10396 --- [store-service] [restartedMain] o.s.c.n.eureka.InstanceInfoFactory       : Setting initial instance status as: STARTING
2026-03-16T18:10:11.920-04:00  INFO 10396 --- [store-service] [restartedMain] com.netflix.discovery.DiscoveryClient    : Initializing Eureka in region us-east-1
2026-03-16T18:10:11.922-04:00  INFO 10396 --- [store-service] [restartedMain] c.n.d.s.r.aws.ConfigClusterResolver      : Resolving eureka endpoints via configuration
2026-03-16T18:10:11.927-04:00  INFO 10396 --- [store-service] [restartedMain] com.netflix.discovery.DiscoveryClient    : Disable delta property : false
2026-03-16T18:10:11.928-04:00  INFO 10396 --- [store-service] [restartedMain] com.netflix.discovery.DiscoveryClient    : Single vip registry refresh property : null
2026-03-16T18:10:11.928-04:00  INFO 10396 --- [store-service] [restartedMain] com.netflix.discovery.DiscoveryClient    : Force full registry fetch : false
2026-03-16T18:10:11.928-04:00  INFO 10396 --- [store-service] [restartedMain] com.netflix.discovery.DiscoveryClient    : Application is null : false
2026-03-16T18:10:11.928-04:00  INFO 10396 --- [store-service] [restartedMain] com.netflix.discovery.DiscoveryClient    : Registered Applications size is zero : true
2026-03-16T18:10:11.928-04:00  INFO 10396 --- [store-service] [restartedMain] com.netflix.discovery.DiscoveryClient    : Application version is -1: true
2026-03-16T18:10:11.928-04:00  INFO 10396 --- [store-service] [restartedMain] com.netflix.discovery.DiscoveryClient    : Getting all instance registry info from the eureka server
2026-03-16T18:10:12.082-04:00  INFO 10396 --- [store-service] [restartedMain] com.netflix.discovery.DiscoveryClient    : The response status is 200
2026-03-16T18:10:12.083-04:00  INFO 10396 --- [store-service] [restartedMain] com.netflix.discovery.DiscoveryClient    : Starting heartbeat executor: renew interval is: 30
2026-03-16T18:10:12.084-04:00  INFO 10396 --- [store-service] [restartedMain] c.n.discovery.InstanceInfoReplicator     : InstanceInfoReplicator onDemand update allowed rate per min is 4
2026-03-16T18:10:12.085-04:00  INFO 10396 --- [store-service] [restartedMain] com.netflix.discovery.DiscoveryClient    : Discovery Client initialized at timestamp 1773699012085 with initial instances count: 1
2026-03-16T18:10:12.088-04:00  INFO 10396 --- [store-service] [restartedMain] o.s.c.n.e.s.EurekaServiceRegistry        : Registering application STORE-SERVICE with eureka with status UP
2026-03-16T18:10:12.088-04:00  INFO 10396 --- [store-service] [restartedMain] com.netflix.discovery.DiscoveryClient    : Saw local status change event StatusChangeEvent [timestamp=1773699012088, current=UP, previous=STARTING]
2026-03-16T18:10:12.089-04:00  INFO 10396 --- [store-service] [DiscoveryClient-InstanceInfoReplicator-%d] com.netflix.discovery.DiscoveryClient    : DiscoveryClient_STORE-SERVICE/host.docker.internal:store-service:8082: registering service...
2026-03-16T18:10:12.105-04:00  INFO 10396 --- [store-service] [restartedMain] o.s.b.w.embedded.tomcat.TomcatWebServer  : Tomcat started on port 8082 (http) with context path '/store/v1'
2026-03-16T18:10:12.106-04:00  INFO 10396 --- [store-service] [restartedMain] .s.c.n.e.s.EurekaAutoServiceRegistration : Updating port to 8082
2026-03-16T18:10:12.118-04:00  INFO 10396 --- [store-service] [DiscoveryClient-InstanceInfoReplicator-%d] com.netflix.discovery.DiscoveryClient    : DiscoveryClient_STORE-SERVICE/host.docker.internal:store-service:8082 - registration status: 204
2026-03-16T18:10:12.288-04:00  INFO 10396 --- [store-service] [restartedMain] com.study.store.Application              : Started Application in 4.787 seconds (process running for 5.242)
2026-03-16T18:10:54.586-04:00  INFO 10396 --- [store-service] [SpringApplicationShutdownHook] o.s.c.n.e.s.EurekaServiceRegistry        : Unregistering application STORE-SERVICE with eureka with status DOWN
2026-03-16T18:10:54.587-04:00  INFO 10396 --- [store-service] [SpringApplicationShutdownHook] com.netflix.discovery.DiscoveryClient    : Saw local status change event StatusChangeEvent [timestamp=1773699054586, current=DOWN, previous=UP]
2026-03-16T18:10:54.587-04:00  INFO 10396 --- [store-service] [DiscoveryClient-InstanceInfoReplicator-%d] com.netflix.discovery.DiscoveryClient    : DiscoveryClient_STORE-SERVICE/host.docker.internal:store-service:8082: registering service...
2026-03-16T18:10:54.588-04:00  INFO 10396 --- [store-service] [SpringApplicationShutdownHook] o.s.b.w.e.tomcat.GracefulShutdown        : Commencing graceful shutdown. Waiting for active requests to complete
2026-03-16T18:10:54.592-04:00  INFO 10396 --- [store-service] [DiscoveryClient-InstanceInfoReplicator-%d] com.netflix.discovery.DiscoveryClient    : DiscoveryClient_STORE-SERVICE/host.docker.internal:store-service:8082 - registration status: 204
2026-03-16T18:10:54.925-04:00  INFO 10396 --- [store-service] [tomcat-shutdown] o.s.b.w.e.tomcat.GracefulShutdown        : Graceful shutdown complete
2026-03-16T18:10:54.927-04:00  INFO 10396 --- [store-service] [SpringApplicationShutdownHook] j.LocalContainerEntityManagerFactoryBean : Closing JPA EntityManagerFactory for persistence unit 'default'
2026-03-16T18:10:54.929-04:00  INFO 10396 --- [store-service] [SpringApplicationShutdownHook] com.zaxxer.hikari.HikariDataSource       : HikariPool-1 - Shutdown initiated...
2026-03-16T18:10:54.931-04:00  INFO 10396 --- [store-service] [SpringApplicationShutdownHook] com.zaxxer.hikari.HikariDataSource       : HikariPool-1 - Shutdown completed.
2026-03-16T18:10:54.931-04:00  INFO 10396 --- [store-service] [SpringApplicationShutdownHook] com.netflix.discovery.DiscoveryClient    : Shutting down DiscoveryClient ...
2026-03-16T18:10:57.933-04:00  INFO 10396 --- [store-service] [SpringApplicationShutdownHook] com.netflix.discovery.DiscoveryClient    : Unregistering ...
2026-03-16T18:10:57.937-04:00  INFO 10396 --- [store-service] [SpringApplicationShutdownHook] com.netflix.discovery.DiscoveryClient    : DiscoveryClient_STORE-SERVICE/host.docker.internal:store-service:8082 - deregister  status: 200
2026-03-16T18:10:57.938-04:00  INFO 10396 --- [store-service] [SpringApplicationShutdownHook] com.netflix.discovery.DiscoveryClient    : Completed shut down of DiscoveryClient
2026-03-16T18:11:22.943-04:00  INFO 8384 --- [store-service] [restartedMain] com.study.store.Application              : No active profile set, falling back to 1 default profile: "default"
2026-03-16T18:11:23.270-04:00  INFO 8384 --- [store-service] [restartedMain] .s.d.r.c.RepositoryConfigurationDelegate : Bootstrapping Spring Data JPA repositories in DEFAULT mode.
2026-03-16T18:11:23.281-04:00  INFO 8384 --- [store-service] [restartedMain] .s.d.r.c.RepositoryConfigurationDelegate : Finished Spring Data repository scanning in 3 ms. Found 0 JPA repository interfaces.
2026-03-16T18:11:23.388-04:00  INFO 8384 --- [store-service] [restartedMain] o.s.cloud.context.scope.GenericScope     : BeanFactory id=e7fbf409-dcd7-30b3-99a8-f7f43c9e5d0b
2026-03-16T18:11:23.736-04:00  INFO 8384 --- [store-service] [restartedMain] o.s.b.w.embedded.tomcat.TomcatWebServer  : Tomcat initialized with port 8082 (http)
2026-03-16T18:11:23.745-04:00  INFO 8384 --- [store-service] [restartedMain] o.apache.catalina.core.StandardService   : Starting service [Tomcat]
2026-03-16T18:11:23.746-04:00  INFO 8384 --- [store-service] [restartedMain] o.apache.catalina.core.StandardEngine    : Starting Servlet engine: [Apache Tomcat/10.1.52]
2026-03-16T18:11:23.785-04:00  INFO 8384 --- [store-service] [restartedMain] o.a.c.c.C.[.[localhost].[/store/v1]      : Initializing Spring embedded WebApplicationContext
2026-03-16T18:11:23.786-04:00  INFO 8384 --- [store-service] [restartedMain] w.s.c.ServletWebServerApplicationContext : Root WebApplicationContext: initialization completed in 836 ms
2026-03-16T18:11:23.880-04:00  INFO 8384 --- [store-service] [restartedMain] o.hibernate.jpa.internal.util.LogHelper  : HHH000204: Processing PersistenceUnitInfo [name: default]
2026-03-16T18:11:23.912-04:00  INFO 8384 --- [store-service] [restartedMain] org.hibernate.Version                    : HHH000412: Hibernate ORM core version 6.6.44.Final
2026-03-16T18:11:23.937-04:00  INFO 8384 --- [store-service] [restartedMain] o.h.c.internal.RegionFactoryInitiator    : HHH000026: Second-level cache disabled
2026-03-16T18:11:24.128-04:00  INFO 8384 --- [store-service] [restartedMain] o.s.o.j.p.SpringPersistenceUnitInfo      : No LoadTimeWeaver setup: ignoring JPA class transformer
2026-03-16T18:11:24.148-04:00  INFO 8384 --- [store-service] [restartedMain] com.zaxxer.hikari.HikariDataSource       : HikariPool-1 - Starting...
2026-03-16T18:11:24.244-04:00  INFO 8384 --- [store-service] [restartedMain] com.zaxxer.hikari.pool.HikariPool        : HikariPool-1 - Added connection org.postgresql.jdbc.PgConnection@4e0dfbbc
2026-03-16T18:11:24.245-04:00  INFO 8384 --- [store-service] [restartedMain] com.zaxxer.hikari.HikariDataSource       : HikariPool-1 - Start completed.
2026-03-16T18:11:24.268-04:00  WARN 8384 --- [store-service] [restartedMain] org.hibernate.orm.deprecation            : HHH90000025: PostgreSQLDialect does not need to be specified explicitly using 'hibernate.dialect' (remove the property setting and it will be selected by default)
2026-03-16T18:11:24.279-04:00  INFO 8384 --- [store-service] [restartedMain] org.hibernate.orm.connections.pooling    : HHH10001005: Database info:
	Database JDBC URL [Connecting through datasource 'HikariDataSource (HikariPool-1)']
	Database driver: undefined/unknown
	Database version: 17.5
	Autocommit mode: undefined/unknown
	Isolation level: undefined/unknown
	Minimum pool size: undefined/unknown
	Maximum pool size: undefined/unknown
2026-03-16T18:11:24.489-04:00  INFO 8384 --- [store-service] [restartedMain] o.h.e.t.j.p.i.JtaPlatformInitiator       : HHH000489: No JTA platform available (set 'hibernate.transaction.jta.platform' to enable JTA platform integration)
2026-03-16T18:11:24.493-04:00  INFO 8384 --- [store-service] [restartedMain] j.LocalContainerEntityManagerFactoryBean : Initialized JPA EntityManagerFactory for persistence unit 'default'
2026-03-16T18:11:24.516-04:00  WARN 8384 --- [store-service] [restartedMain] JpaBaseConfiguration$JpaWebConfiguration : spring.jpa.open-in-view is enabled by default. Therefore, database queries may be performed during view rendering. Explicitly configure spring.jpa.open-in-view to disable this warning
2026-03-16T18:11:24.808-04:00  INFO 8384 --- [store-service] [restartedMain] o.s.b.d.a.OptionalLiveReloadServer       : LiveReload server is running on port 35729
2026-03-16T18:11:25.182-04:00  INFO 8384 --- [store-service] [restartedMain] DiscoveryClientOptionalArgsConfiguration : Eureka HTTP Client uses RestTemplate.
2026-03-16T18:11:25.202-04:00  WARN 8384 --- [store-service] [restartedMain] iguration$LoadBalancerCaffeineWarnLogger : Spring Cloud LoadBalancer is currently working with the default cache. While this cache implementation is useful for development and tests, it's recommended to use Caffeine cache in production.You can switch to using Caffeine cache, by adding it and org.springframework.cache.caffeine.CaffeineCacheManager to the classpath.
2026-03-16T18:11:25.215-04:00  INFO 8384 --- [store-service] [restartedMain] o.s.c.n.eureka.InstanceInfoFactory       : Setting initial instance status as: STARTING
2026-03-16T18:11:25.230-04:00  INFO 8384 --- [store-service] [restartedMain] com.netflix.discovery.DiscoveryClient    : Initializing Eureka in region us-east-1
2026-03-16T18:11:25.232-04:00  INFO 8384 --- [store-service] [restartedMain] c.n.d.s.r.aws.ConfigClusterResolver      : Resolving eureka endpoints via configuration
2026-03-16T18:11:25.237-04:00  INFO 8384 --- [store-service] [restartedMain] com.netflix.discovery.DiscoveryClient    : Disable delta property : false
2026-03-16T18:11:25.237-04:00  INFO 8384 --- [store-service] [restartedMain] com.netflix.discovery.DiscoveryClient    : Single vip registry refresh property : null
2026-03-16T18:11:25.237-04:00  INFO 8384 --- [store-service] [restartedMain] com.netflix.discovery.DiscoveryClient    : Force full registry fetch : false
2026-03-16T18:11:25.237-04:00  INFO 8384 --- [store-service] [restartedMain] com.netflix.discovery.DiscoveryClient    : Application is null : false
2026-03-16T18:11:25.237-04:00  INFO 8384 --- [store-service] [restartedMain] com.netflix.discovery.DiscoveryClient    : Registered Applications size is zero : true
2026-03-16T18:11:25.237-04:00  INFO 8384 --- [store-service] [restartedMain] com.netflix.discovery.DiscoveryClient    : Application version is -1: true
2026-03-16T18:11:25.237-04:00  INFO 8384 --- [store-service] [restartedMain] com.netflix.discovery.DiscoveryClient    : Getting all instance registry info from the eureka server
2026-03-16T18:11:25.406-04:00  INFO 8384 --- [store-service] [restartedMain] com.netflix.discovery.DiscoveryClient    : The response status is 200
2026-03-16T18:11:25.408-04:00  INFO 8384 --- [store-service] [restartedMain] com.netflix.discovery.DiscoveryClient    : Starting heartbeat executor: renew interval is: 30
2026-03-16T18:11:25.409-04:00  INFO 8384 --- [store-service] [restartedMain] c.n.discovery.InstanceInfoReplicator     : InstanceInfoReplicator onDemand update allowed rate per min is 4
2026-03-16T18:11:25.410-04:00  INFO 8384 --- [store-service] [restartedMain] com.netflix.discovery.DiscoveryClient    : Discovery Client initialized at timestamp 1773699085410 with initial instances count: 1
2026-03-16T18:11:25.413-04:00  INFO 8384 --- [store-service] [restartedMain] o.s.c.n.e.s.EurekaServiceRegistry        : Registering application STORE-SERVICE with eureka with status UP
2026-03-16T18:11:25.414-04:00  INFO 8384 --- [store-service] [restartedMain] com.netflix.discovery.DiscoveryClient    : Saw local status change event StatusChangeEvent [timestamp=1773699085414, current=UP, previous=STARTING]
2026-03-16T18:11:25.415-04:00  INFO 8384 --- [store-service] [DiscoveryClient-InstanceInfoReplicator-%d] com.netflix.discovery.DiscoveryClient    : DiscoveryClient_STORE-SERVICE/host.docker.internal:store-service:8082: registering service...
2026-03-16T18:11:25.428-04:00  INFO 8384 --- [store-service] [restartedMain] o.s.b.w.embedded.tomcat.TomcatWebServer  : Tomcat started on port 8082 (http) with context path '/store/v1'
2026-03-16T18:11:25.428-04:00  INFO 8384 --- [store-service] [restartedMain] .s.c.n.e.s.EurekaAutoServiceRegistration : Updating port to 8082
2026-03-16T18:11:25.439-04:00  INFO 8384 --- [store-service] [DiscoveryClient-InstanceInfoReplicator-%d] com.netflix.discovery.DiscoveryClient    : DiscoveryClient_STORE-SERVICE/host.docker.internal:store-service:8082 - registration status: 204
2026-03-16T18:11:25.606-04:00  INFO 8384 --- [store-service] [restartedMain] com.study.store.Application              : Started Application in 4.63 seconds (process running for 5.049)
2026-03-16T18:16:25.247-04:00  INFO 8384 --- [store-service] [AsyncResolver-bootstrap-executor-%d] c.n.d.s.r.aws.ConfigClusterResolver      : Resolving eureka endpoints via configuration
2026-03-16T18:21:25.257-04:00  INFO 8384 --- [store-service] [AsyncResolver-bootstrap-executor-%d] c.n.d.s.r.aws.ConfigClusterResolver      : Resolving eureka endpoints via configuration
2026-03-16T18:26:25.266-04:00  INFO 8384 --- [store-service] [AsyncResolver-bootstrap-executor-%d] c.n.d.s.r.aws.ConfigClusterResolver      : Resolving eureka endpoints via configuration
2026-03-16T18:31:25.271-04:00  INFO 8384 --- [store-service] [AsyncResolver-bootstrap-executor-%d] c.n.d.s.r.aws.ConfigClusterResolver      : Resolving eureka endpoints via configuration
2026-03-16T18:36:25.280-04:00  INFO 8384 --- [store-service] [AsyncResolver-bootstrap-executor-%d] c.n.d.s.r.aws.ConfigClusterResolver      : Resolving eureka endpoints via configuration
2026-03-16T18:41:25.294-04:00  INFO 8384 --- [store-service] [AsyncResolver-bootstrap-executor-%d] c.n.d.s.r.aws.ConfigClusterResolver      : Resolving eureka endpoints via configuration
2026-03-16T18:46:25.296-04:00  INFO 8384 --- [store-service] [AsyncResolver-bootstrap-executor-%d] c.n.d.s.r.aws.ConfigClusterResolver      : Resolving eureka endpoints via configuration
2026-03-16T18:51:25.310-04:00  INFO 8384 --- [store-service] [AsyncResolver-bootstrap-executor-%d] c.n.d.s.r.aws.ConfigClusterResolver      : Resolving eureka endpoints via configuration
